// Jest Snapshot v1, https://goo.gl/fbAQLP

exports[`Button Component render a global Component 1`] = `<Button />`;
