// Jest Snapshot v1, https://goo.gl/fbAQLP

exports[`CSVScreen test render a Screen Component 1`] = `<CSVScreen />`;
